2026-09-14 23:07:38,569 INFO o.a.j.u.JMeterUtils: Setting Locale to en_EN
2026-09-14 23:07:38,597 INFO o.a.j.JMeter: Loading user properties from: /opt/homebrew/Cellar/jmeter/5.5/libexec/bin/user.properties
2026-09-14 23:07:38,597 INFO o.a.j.JMeter: Loading system properties from: /opt/homebrew/Cellar/jmeter/5.5/libexec/bin/system.properties
2026-09-14 23:07:38,604 INFO o.a.j.JMeter: Copyright (c) 1998-2022 The Apache Software Foundation
2026-09-14 23:07:38,604 INFO o.a.j.JMeter: Version 5.5
2026-09-14 23:07:38,604 INFO o.a.j.JMeter: java.version=25.0.2
2026-09-14 23:07:38,604 INFO o.a.j.JMeter: java.vm.name=OpenJDK 64-Bit Server VM
2026-09-14 23:07:38,604 INFO o.a.j.JMeter: os.name=Mac OS X
2026-09-14 23:07:38,604 INFO o.a.j.JMeter: os.arch=aarch64
2026-09-14 23:07:38,604 INFO o.a.j.JMeter: os.version=26.0.1
2026-09-14 23:07:38,604 INFO o.a.j.JMeter: file.encoding=UTF-8
2026-09-14 23:07:38,604 INFO o.a.j.JMeter: java.awt.headless=null
2026-09-14 23:07:38,604 INFO o.a.j.JMeter: Max memory     =1073741824
2026-09-14 23:07:38,604 INFO o.a.j.JMeter: Available Processors =8
2026-09-14 23:07:38,621 INFO o.a.j.JMeter: Default Locale=English (EN)
2026-09-14 23:07:38,621 INFO o.a.j.JMeter: JMeter  Locale=English (EN)
2026-09-14 23:07:38,621 INFO o.a.j.JMeter: JMeterHome=/opt/homebrew/Cellar/jmeter/5.5/libexec
2026-09-14 23:07:38,622 INFO o.a.j.JMeter: user.dir  =/Users/sabinsheja/Documents/Work/oafPhHelmChart/helm-paymenthub/helm/ph-ee-engine
2026-09-14 23:07:38,622 INFO o.a.j.JMeter: PWD       =/Users/sabinsheja/Documents/Work/oafPhHelmChart/helm-paymenthub/helm/ph-ee-engine
2026-09-14 23:07:38,626 INFO o.a.j.JMeter: IP: 127.0.0.1 Name: Sabins-MacBook-Pro.local FullName: localhost
